
> dashboard-app@0.1.0 build
> next build

▲ Next.js 16.2.4 (Turbopack)

  Creating an optimized production build ...

> Build error occurred
Error: Turbopack build failed with 1 errors:
./src/app/page.tsx:237:26
Expected ';', '}' or <eof>
  [90m235 |[0m }
  [90m236 |[0m
[31m[1m>[0m [90m237 |[0m       { label: [32m"D4"[0m, open: [35m400.4[0m, high: [35m404[0m, low: [35m399.6[0m, close: [35m403.3[0m },
  [90m    |[0m                          [31m[1m^[0m
  [90m238 |[0m       { label: [32m"D5"[0m, open: [35m403.3[0m, high: [35m407[0m, low: [35m402[0m, close: [35m405.9[0m },
  [90m239 |[0m       { label: [32m"D6"[0m, open: [35m405.9[0m, high: [35m408.4[0m, low: [35m404.8[0m, close: [35m406.7[0m },
  [90m240 |[0m       { label: [32m"D7"[0m, open: [35m406.7[0m, high: [35m409.6[0m, low: [35m405.6[0m, close: [35m408.2[0m },

Parsing ecmascript source code failed


    at <unknown> (./src/app/page.tsx:237:26)
